
> tm-frontend@0.0.0 build
> tsc -b && vite build

src/components/PerformanceTiles.test.tsx(15,9): error TS2741: Property 'total_time_spent' is missing in type '{ id: string; title: string; status: "APPROVED"; priority: string; created_at: string; creator_id: string; department_id: string; description: string; assignee_id: string; due_date: string; updated_at: string; }' but required in type 'Task'.
src/components/PerformanceTiles.test.tsx(16,9): error TS2741: Property 'total_time_spent' is missing in type '{ id: string; title: string; status: "IN_PROGRESS"; priority: string; created_at: string; creator_id: string; department_id: string; description: string; assignee_id: string; due_date: string; updated_at: string; }' but required in type 'Task'.
src/components/PerformanceTiles.test.tsx(17,9): error TS2741: Property 'total_time_spent' is missing in type '{ id: string; title: string; status: "SUBMITTED"; priority: string; created_at: string; creator_id: string; department_id: string; description: string; assignee_id: string; due_date: string; updated_at: string; }' but required in type 'Task'.
src/components/PerformanceTiles.test.tsx(18,9): error TS2741: Property 'total_time_spent' is missing in type '{ id: string; title: string; status: "REJECTED"; priority: string; created_at: string; creator_id: string; department_id: string; description: string; assignee_id: string; due_date: string; updated_at: string; }' but required in type 'Task'.
src/components/Sidebar.test.tsx(20,17): error TS2739: Type '{ departments: never[]; taskCounts: {}; selectedDeptId: null; onDeptSelect: Mock<Procedure>; highPriorityCount: number; isOpen: boolean; onClose: Mock<Procedure>; onViewChange: Mock<...>; currentView: "dashboard"; }' is missing the following properties from type 'SidebarProps': selectedTeamId, onTeamSelect, userTeams, user
src/components/Sidebar.test.tsx(25,17): error TS2739: Type '{ departments: never[]; taskCounts: {}; selectedDeptId: null; onDeptSelect: Mock<Procedure>; highPriorityCount: number; isOpen: boolean; onClose: Mock<Procedure>; onViewChange: Mock<...>; currentView: "dashboard"; }' is missing the following properties from type 'SidebarProps': selectedTeamId, onTeamSelect, userTeams, user
src/components/Sidebar.test.tsx(36,17): error TS2739: Type '{ departments: never[]; taskCounts: {}; selectedDeptId: null; onDeptSelect: Mock<Procedure>; highPriorityCount: number; isOpen: boolean; onClose: Mock<Procedure>; onViewChange: Mock<...>; currentView: "dashboard"; }' is missing the following properties from type 'SidebarProps': selectedTeamId, onTeamSelect, userTeams, user
src/components/Sidebar.test.tsx(42,17): error TS2739: Type '{ departments: never[]; taskCounts: {}; selectedDeptId: null; onDeptSelect: Mock<Procedure>; highPriorityCount: number; isOpen: boolean; onClose: Mock<Procedure>; onViewChange: Mock<...>; currentView: "dashboard"; }' is missing the following properties from type 'SidebarProps': selectedTeamId, onTeamSelect, userTeams, user
src/components/task-details/TaskActionsSidebar.test.tsx(7,11): error TS2741: Property 'total_time_spent' is missing in type '{ id: string; title: string; status: "CREATED"; priority: string; created_at: string; creator_id: string; department_id: string; description: string; assignee_id: string; due_date: string; updated_at: string; }' but required in type 'Task'.
src/components/TaskCard.test.tsx(16,11): error TS2741: Property 'total_time_spent' is missing in type '{ id: string; title: string; description: string; status: "IN_PROGRESS"; priority: string; due_date: string; created_at: string; creator_id: string; department_id: string; assignee_id: string; updated_at: string; creator: { ...; }; assignee: { ...; }; department: { ...; }; }' but required in type 'Task'.
src/components/TaskList.test.tsx(17,9): error TS2741: Property 'total_time_spent' is missing in type '{ id: string; title: string; status: "APPROVED"; priority: string; created_at: string; creator_id: string; department_id: string; description: string; assignee_id: string; due_date: string; updated_at: string; }' but required in type 'Task'.
src/components/TaskList.test.tsx(18,9): error TS2741: Property 'total_time_spent' is missing in type '{ id: string; title: string; status: "IN_PROGRESS"; priority: string; created_at: string; creator_id: string; department_id: string; description: string; assignee_id: string; due_date: string; updated_at: string; }' but required in type 'Task'.
src/pages/admin/TeamsManagement.tsx(32,32): error TS2339: Property 'user_metadata' does not exist on type 'User'.
src/pages/admin/TeamsManagement.tsx(34,71): error TS2339: Property 'user_metadata' does not exist on type 'User'.
